2026-08-11 11:26:36 | INFO     | services.etl | etl.py:34 | Starting ETL process.
2026-08-11 13:12:33 | INFO     | services.etl | etl.py:34 | Starting ETL process.
2026-08-11 13:14:30 | INFO     | services.etl | etl.py:34 | Starting ETL process.
2026-08-11 13:17:33 | INFO     | services.etl | etl.py:34 | Starting ETL process.
2026-08-11 14:25:05 | INFO     | services.etl | etl.py:34 | Starting ETL process.
2026-08-11 14:25:06 | INFO     | services.etl | etl.py:38 | Created 1 task(s).
2026-08-11 14:25:06 | INFO     | services.etl | etl.py:45 | Processing task 1 of 1.
2026-08-11 14:25:06 | INFO     | api.logs_api | logs_api.py:236 | Creating Logs API task for counter 111485101 (2026-08-10 - 2026-08-10).
2026-08-11 14:28:14 | INFO     | services.etl | etl.py:34 | Starting ETL process.
2026-08-11 14:28:15 | INFO     | services.etl | etl.py:38 | Created 1 task(s).
2026-08-11 14:28:15 | INFO     | services.etl | etl.py:45 | Processing task 1 of 1.
2026-08-11 14:28:15 | INFO     | api.logs_api | logs_api.py:245 | Creating Logs API task for counter 111485101 (2026-08-10 - 2026-08-10).
2026-08-11 14:29:52 | INFO     | services.etl | etl.py:34 | Starting ETL process.
2026-08-11 14:29:53 | INFO     | services.etl | etl.py:38 | Created 1 task(s).
2026-08-11 14:29:53 | INFO     | services.etl | etl.py:45 | Processing task 1 of 1.
2026-08-11 14:29:53 | INFO     | api.logs_api | logs_api.py:244 | Creating Logs API task for counter 111485101 (2026-08-10 - 2026-08-10).
2026-08-11 14:29:54 | INFO     | api.logs_api | logs_api.py:264 | Logs API task created successfully. Request ID: 58493255, Status: created
2026-08-11 14:30:11 | INFO     | api.logs_api | logs_api.py:325 | Request 58493255 processed. Parts: 1
2026-08-11 14:30:11 | INFO     | services.etl | etl.py:75 | Task 58493255 processed. Parts: 1
2026-08-11 14:30:11 | INFO     | services.etl | etl.py:83 | Downloading part 1 of 1.
2026-08-11 14:30:11 | INFO     | api.logs_api | logs_api.py:378 | Downloading part 1 of 1 (request 58493255).
2026-08-11 14:30:11 | INFO     | api.logs_api | logs_api.py:390 | Part 1 downloaded successfully.
2026-08-11 14:30:11 | INFO     | services.clickhouse_writer | clickhouse_writer.py:39 | Loaded 0 rows from TSV.
2026-08-11 14:30:11 | WARNING  | services.clickhouse_writer | clickhouse_writer.py:77 | Added missing columns: watch_id, is_bounce, traffic_source, referer, search_engine, search_phrase, utm_source, utm_medium, utm_campaign, utm_content, utm_term, region_country, region_area, region_city, device_category, browser, browser_version, operating_system, operating_system_root, mobile_phone, mobile_phone_model, screen_width, screen_height, window_client_width, window_client_height, screen_colors, cookie_enabled, javascript_enabled, new_user, visit_number, last_traffic_source, ip_address, network_type, robotness, goals_reached, purchase_id, products_price, products_quantity, openstat_service, openstat_campaign, openstat_ad, openstat_source
2026-08-11 14:30:15 | ERROR    | database.connection | connection.py:48 | Failed to connect to ClickHouse.
Traceback (most recent call last):
  File "C:\ProgramData\anaconda3\Lib\site-packages\urllib3\connection.py", line 199, in _new_conn
    sock = connection.create_connection(
           ^^^^^^^^^^^^^^^^^^^^^^^^^^^^^
  File "C:\ProgramData\anaconda3\Lib\site-packages\urllib3\util\connection.py", line 85, in create_connection
    raise err
  File "C:\ProgramData\anaconda3\Lib\site-packages\urllib3\util\connection.py", line 73, in create_connection
    sock.connect(sa)
ConnectionRefusedError: [WinError 10061] Подключение не установлено, т.к. конечный компьютер отверг запрос на подключение

The above exception was the direct cause of the following exception:

Traceback (most recent call last):
  File "C:\ProgramData\anaconda3\Lib\site-packages\urllib3\connectionpool.py", line 789, in urlopen
    response = self._make_request(
               ^^^^^^^^^^^^^^^^^^^
  File "C:\ProgramData\anaconda3\Lib\site-packages\urllib3\connectionpool.py", line 495, in _make_request
    conn.request(
  File "C:\ProgramData\anaconda3\Lib\site-packages\urllib3\connection.py", line 441, in request
    self.endheaders()
  File "C:\ProgramData\anaconda3\Lib\http\client.py", line 1331, in endheaders
    self._send_output(message_body, encode_chunked=encode_chunked)
  File "C:\ProgramData\anaconda3\Lib\http\client.py", line 1091, in _send_output
    self.send(msg)
  File "C:\ProgramData\anaconda3\Lib\http\client.py", line 1035, in send
    self.connect()
  File "C:\ProgramData\anaconda3\Lib\site-packages\urllib3\connection.py", line 279, in connect
    self.sock = self._new_conn()
                ^^^^^^^^^^^^^^^^
  File "C:\ProgramData\anaconda3\Lib\site-packages\urllib3\connection.py", line 214, in _new_conn
    raise NewConnectionError(
urllib3.exceptions.NewConnectionError: <urllib3.connection.HTTPConnection object at 0x0000024F2D204FB0>: Failed to establish a new connection: [WinError 10061] Подключение не установлено, т.к. конечный компьютер отверг запрос на подключение

The above exception was the direct cause of the following exception:

Traceback (most recent call last):
  File "C:\ProgramData\anaconda3\Lib\site-packages\requests\adapters.py", line 667, in send
    resp = conn.urlopen(
           ^^^^^^^^^^^^^
  File "C:\ProgramData\anaconda3\Lib\site-packages\urllib3\connectionpool.py", line 843, in urlopen
    retries = retries.increment(
              ^^^^^^^^^^^^^^^^^^
  File "C:\ProgramData\anaconda3\Lib\site-packages\urllib3\util\retry.py", line 519, in increment
    raise MaxRetryError(_pool, url, reason) from reason  # type: ignore[arg-type]
    ^^^^^^^^^^^^^^^^^^^^^^^^^^^^^^^^^^^^^^^^^^^^^^^^^^^
urllib3.exceptions.MaxRetryError: HTTPConnectionPool(host='localhost', port=8123): Max retries exceeded with url: / (Caused by NewConnectionError('<urllib3.connection.HTTPConnection object at 0x0000024F2D204FB0>: Failed to establish a new connection: [WinError 10061] Подключение не установлено, т.к. конечный компьютер отверг запрос на подключение'))

During handling of the above exception, another exception occurred:

Traceback (most recent call last):
  File "c:\Users\dima_\Desktop\yandex_metrika_clickhouse\database\connection.py", line 33, in database_connect
    db = Database(
         ^^^^^^^^^
  File "C:\ProgramData\anaconda3\Lib\site-packages\infi\clickhouse_orm\database.py", line 116, in __init__
    self.db_exists = self._is_existing_database()
                     ^^^^^^^^^^^^^^^^^^^^^^^^^^^^
  File "C:\ProgramData\anaconda3\Lib\site-packages\infi\clickhouse_orm\database.py", line 420, in _is_existing_database
    r = self._send("SELECT count() FROM system.databases WHERE name = '%s'" % self.db_name)
        ^^^^^^^^^^^^^^^^^^^^^^^^^^^^^^^^^^^^^^^^^^^^^^^^^^^^^^^^^^^^^^^^^^^^^^^^^^^^^^^^^^^
  File "C:\ProgramData\anaconda3\Lib\site-packages\infi\clickhouse_orm\database.py", line 373, in _send
    r = self.request_session.post(self.db_url, params=params, data=data, stream=stream, timeout=self.timeout)
        ^^^^^^^^^^^^^^^^^^^^^^^^^^^^^^^^^^^^^^^^^^^^^^^^^^^^^^^^^^^^^^^^^^^^^^^^^^^^^^^^^^^^^^^^^^^^^^^^^^^^^
  File "C:\ProgramData\anaconda3\Lib\site-packages\requests\sessions.py", line 637, in post
    return self.request("POST", url, data=data, json=json, **kwargs)
           ^^^^^^^^^^^^^^^^^^^^^^^^^^^^^^^^^^^^^^^^^^^^^^^^^^^^^^^^^
  File "C:\ProgramData\anaconda3\Lib\site-packages\requests\sessions.py", line 589, in request
    resp = self.send(prep, **send_kwargs)
           ^^^^^^^^^^^^^^^^^^^^^^^^^^^^^^
  File "C:\ProgramData\anaconda3\Lib\site-packages\requests\sessions.py", line 703, in send
    r = adapter.send(request, **kwargs)
        ^^^^^^^^^^^^^^^^^^^^^^^^^^^^^^^
  File "C:\ProgramData\anaconda3\Lib\site-packages\requests\adapters.py", line 700, in send
    raise ConnectionError(e, request=request)
requests.exceptions.ConnectionError: HTTPConnectionPool(host='localhost', port=8123): Max retries exceeded with url: / (Caused by NewConnectionError('<urllib3.connection.HTTPConnection object at 0x0000024F2D204FB0>: Failed to establish a new connection: [WinError 10061] Подключение не установлено, т.к. конечный компьютер отверг запрос на подключение'))
2026-08-12 13:26:56 | ERROR    | database.connection | connection.py:48 | Failed to connect to ClickHouse.
Traceback (most recent call last):
  File "C:\ProgramData\anaconda3\Lib\site-packages\urllib3\connection.py", line 199, in _new_conn
    sock = connection.create_connection(
           ^^^^^^^^^^^^^^^^^^^^^^^^^^^^^
  File "C:\ProgramData\anaconda3\Lib\site-packages\urllib3\util\connection.py", line 85, in create_connection
    raise err
  File "C:\ProgramData\anaconda3\Lib\site-packages\urllib3\util\connection.py", line 73, in create_connection
    sock.connect(sa)
ConnectionRefusedError: [WinError 10061] Подключение не установлено, т.к. конечный компьютер отверг запрос на подключение

The above exception was the direct cause of the following exception:

Traceback (most recent call last):
  File "C:\ProgramData\anaconda3\Lib\site-packages\urllib3\connectionpool.py", line 789, in urlopen
    response = self._make_request(
               ^^^^^^^^^^^^^^^^^^^
  File "C:\ProgramData\anaconda3\Lib\site-packages\urllib3\connectionpool.py", line 495, in _make_request
    conn.request(
  File "C:\ProgramData\anaconda3\Lib\site-packages\urllib3\connection.py", line 441, in request
    self.endheaders()
  File "C:\ProgramData\anaconda3\Lib\http\client.py", line 1331, in endheaders
    self._send_output(message_body, encode_chunked=encode_chunked)
  File "C:\ProgramData\anaconda3\Lib\http\client.py", line 1091, in _send_output
    self.send(msg)
  File "C:\ProgramData\anaconda3\Lib\http\client.py", line 1035, in send
    self.connect()
  File "C:\ProgramData\anaconda3\Lib\site-packages\urllib3\connection.py", line 279, in connect
    self.sock = self._new_conn()
                ^^^^^^^^^^^^^^^^
  File "C:\ProgramData\anaconda3\Lib\site-packages\urllib3\connection.py", line 214, in _new_conn
    raise NewConnectionError(
urllib3.exceptions.NewConnectionError: <urllib3.connection.HTTPConnection object at 0x000001C3B9EF57C0>: Failed to establish a new connection: [WinError 10061] Подключение не установлено, т.к. конечный компьютер отверг запрос на подключение

The above exception was the direct cause of the following exception:

Traceback (most recent call last):
  File "C:\ProgramData\anaconda3\Lib\site-packages\requests\adapters.py", line 667, in send
    resp = conn.urlopen(
           ^^^^^^^^^^^^^
  File "C:\ProgramData\anaconda3\Lib\site-packages\urllib3\connectionpool.py", line 843, in urlopen
    retries = retries.increment(
              ^^^^^^^^^^^^^^^^^^
  File "C:\ProgramData\anaconda3\Lib\site-packages\urllib3\util\retry.py", line 519, in increment
    raise MaxRetryError(_pool, url, reason) from reason  # type: ignore[arg-type]
    ^^^^^^^^^^^^^^^^^^^^^^^^^^^^^^^^^^^^^^^^^^^^^^^^^^^
urllib3.exceptions.MaxRetryError: HTTPConnectionPool(host='localhost', port=8123): Max retries exceeded with url: / (Caused by NewConnectionError('<urllib3.connection.HTTPConnection object at 0x000001C3B9EF57C0>: Failed to establish a new connection: [WinError 10061] Подключение не установлено, т.к. конечный компьютер отверг запрос на подключение'))

During handling of the above exception, another exception occurred:

Traceback (most recent call last):
  File "c:\Users\dima_\Desktop\yandex_metrika_clickhouse\database\connection.py", line 33, in database_connect
    db = Database(
         ^^^^^^^^^
  File "C:\ProgramData\anaconda3\Lib\site-packages\infi\clickhouse_orm\database.py", line 116, in __init__
    self.db_exists = self._is_existing_database()
                     ^^^^^^^^^^^^^^^^^^^^^^^^^^^^
  File "C:\ProgramData\anaconda3\Lib\site-packages\infi\clickhouse_orm\database.py", line 420, in _is_existing_database
    r = self._send("SELECT count() FROM system.databases WHERE name = '%s'" % self.db_name)
        ^^^^^^^^^^^^^^^^^^^^^^^^^^^^^^^^^^^^^^^^^^^^^^^^^^^^^^^^^^^^^^^^^^^^^^^^^^^^^^^^^^^
  File "C:\ProgramData\anaconda3\Lib\site-packages\infi\clickhouse_orm\database.py", line 373, in _send
    r = self.request_session.post(self.db_url, params=params, data=data, stream=stream, timeout=self.timeout)
        ^^^^^^^^^^^^^^^^^^^^^^^^^^^^^^^^^^^^^^^^^^^^^^^^^^^^^^^^^^^^^^^^^^^^^^^^^^^^^^^^^^^^^^^^^^^^^^^^^^^^^
  File "C:\ProgramData\anaconda3\Lib\site-packages\requests\sessions.py", line 637, in post
    return self.request("POST", url, data=data, json=json, **kwargs)
           ^^^^^^^^^^^^^^^^^^^^^^^^^^^^^^^^^^^^^^^^^^^^^^^^^^^^^^^^^
  File "C:\ProgramData\anaconda3\Lib\site-packages\requests\sessions.py", line 589, in request
    resp = self.send(prep, **send_kwargs)
           ^^^^^^^^^^^^^^^^^^^^^^^^^^^^^^
  File "C:\ProgramData\anaconda3\Lib\site-packages\requests\sessions.py", line 703, in send
    r = adapter.send(request, **kwargs)
        ^^^^^^^^^^^^^^^^^^^^^^^^^^^^^^^
  File "C:\ProgramData\anaconda3\Lib\site-packages\requests\adapters.py", line 700, in send
    raise ConnectionError(e, request=request)
requests.exceptions.ConnectionError: HTTPConnectionPool(host='localhost', port=8123): Max retries exceeded with url: / (Caused by NewConnectionError('<urllib3.connection.HTTPConnection object at 0x000001C3B9EF57C0>: Failed to establish a new connection: [WinError 10061] Подключение не установлено, т.к. конечный компьютер отверг запрос на подключение'))
2026-08-12 13:30:42 | INFO     | database.connection | connection.py:40 | Connected to ClickHouse: http://localhost:8123
2026-08-12 13:30:42 | INFO     | database.connection | connection.py:68 | Checking table 'Visit'...
2026-08-12 13:30:42 | ERROR    | database.connection | connection.py:79 | Database initialization failed.
Traceback (most recent call last):
  File "c:\Users\dima_\Desktop\yandex_metrika_clickhouse\database\connection.py", line 74, in initialize_database
    db.migrate("clickhouse_app.clickhouse_migrations")
  File "C:\ProgramData\anaconda3\Lib\site-packages\infi\clickhouse_orm\database.py", line 350, in migrate
    modules = import_submodules(migrations_package_name)
              ^^^^^^^^^^^^^^^^^^^^^^^^^^^^^^^^^^^^^^^^^^
  File "C:\ProgramData\anaconda3\Lib\site-packages\infi\clickhouse_orm\utils.py", line 126, in import_submodules
    package = importlib.import_module(package_name)
              ^^^^^^^^^^^^^^^^^^^^^^^^^^^^^^^^^^^^^
  File "C:\ProgramData\anaconda3\Lib\importlib\__init__.py", line 90, in import_module
    return _bootstrap._gcd_import(name[level:], package, level)
           ^^^^^^^^^^^^^^^^^^^^^^^^^^^^^^^^^^^^^^^^^^^^^^^^^^^^
  File "<frozen importlib._bootstrap>", line 1387, in _gcd_import
  File "<frozen importlib._bootstrap>", line 1360, in _find_and_load
  File "<frozen importlib._bootstrap>", line 1310, in _find_and_load_unlocked
  File "<frozen importlib._bootstrap>", line 488, in _call_with_frames_removed
  File "<frozen importlib._bootstrap>", line 1387, in _gcd_import
  File "<frozen importlib._bootstrap>", line 1360, in _find_and_load
  File "<frozen importlib._bootstrap>", line 1324, in _find_and_load_unlocked
ModuleNotFoundError: No module named 'clickhouse_app'
2026-08-12 13:33:22 | INFO     | database.connection | connection.py:40 | Connected to ClickHouse: http://localhost:8123
2026-08-12 13:33:22 | INFO     | database.connection | connection.py:68 | Checking table 'Visit'...
2026-08-12 13:33:22 | INFO     | database.connection | connection.py:76 | Database initialized successfully.
2026-08-12 13:33:22 | INFO     | services.etl | etl.py:43 | Starting ETL process.
2026-08-12 13:33:23 | INFO     | services.etl | etl.py:47 | Created 1 task(s).
2026-08-12 13:33:23 | INFO     | services.etl | etl.py:54 | Processing task 1 of 1.
2026-08-12 13:33:23 | INFO     | api.logs_api | logs_api.py:244 | Creating Logs API task for counter 111485101 (2026-08-10 - 2026-08-10).
2026-08-12 13:33:23 | INFO     | api.logs_api | logs_api.py:264 | Logs API task created successfully. Request ID: 58535598, Status: created
2026-08-12 13:34:03 | INFO     | api.logs_api | logs_api.py:325 | Request 58535598 processed. Parts: 1
2026-08-12 13:34:03 | INFO     | services.etl | etl.py:84 | Task 58535598 processed. Parts: 1
2026-08-12 13:34:03 | INFO     | services.etl | etl.py:92 | Downloading part 1 of 1.
2026-08-12 13:34:03 | INFO     | api.logs_api | logs_api.py:378 | Downloading part 1 of 1 (request 58535598).
2026-08-12 13:34:04 | INFO     | api.logs_api | logs_api.py:390 | Part 1 downloaded successfully.
2026-08-12 13:34:04 | INFO     | services.clickhouse_writer | clickhouse_writer.py:39 | Loaded 0 rows from TSV.
2026-08-12 13:34:04 | WARNING  | services.clickhouse_writer | clickhouse_writer.py:77 | Added missing columns: watch_id, is_bounce, traffic_source, referer, search_engine, search_phrase, utm_source, utm_medium, utm_campaign, utm_content, utm_term, region_country, region_area, region_city, device_category, browser, browser_version, operating_system, operating_system_root, mobile_phone, mobile_phone_model, screen_width, screen_height, window_client_width, window_client_height, screen_colors, cookie_enabled, javascript_enabled, new_user, visit_number, last_traffic_source, ip_address, network_type, robotness, goals_reached, purchase_id, products_price, products_quantity, openstat_service, openstat_campaign, openstat_ad, openstat_source
2026-08-12 13:34:05 | INFO     | database.connection | connection.py:40 | Connected to ClickHouse: http://localhost:8123
2026-08-12 13:34:05 | INFO     | api.logs_api | logs_api.py:422 | Cleaning request 58535598.
2026-08-12 13:34:05 | INFO     | api.logs_api | logs_api.py:432 | Request 58535598 removed.
2026-08-12 13:34:05 | INFO     | services.etl | etl.py:107 | Task 58535598 completed.
2026-08-12 13:34:05 | INFO     | services.etl | etl.py:112 | ETL process completed successfully.
2026-08-12 13:37:09 | INFO     | database.connection | connection.py:40 | Connected to ClickHouse: http://localhost:8123
2026-08-12 13:37:09 | INFO     | database.connection | connection.py:68 | Checking table 'Visit'...
2026-08-12 13:37:09 | INFO     | database.connection | connection.py:76 | Database initialized successfully.
2026-08-12 13:37:09 | INFO     | services.etl | etl.py:43 | Starting ETL process.
2026-08-12 13:37:10 | INFO     | services.etl | etl.py:47 | Created 1 task(s).
2026-08-12 13:37:10 | INFO     | services.etl | etl.py:54 | Processing task 1 of 1.
2026-08-12 13:37:10 | INFO     | api.logs_api | logs_api.py:244 | Creating Logs API task for counter 111485101 (2026-08-10 - 2026-08-10).
2026-08-12 13:37:10 | INFO     | api.logs_api | logs_api.py:264 | Logs API task created successfully. Request ID: 58535712, Status: created
2026-08-12 13:38:05 | INFO     | api.logs_api | logs_api.py:325 | Request 58535712 processed. Parts: 1
2026-08-12 13:38:05 | INFO     | services.etl | etl.py:84 | Task 58535712 processed. Parts: 1
2026-08-12 13:38:05 | INFO     | services.etl | etl.py:92 | Downloading part 1 of 1.
2026-08-12 13:38:05 | INFO     | api.logs_api | logs_api.py:378 | Downloading part 1 of 1 (request 58535712).
2026-08-12 13:38:05 | INFO     | api.logs_api | logs_api.py:390 | Part 1 downloaded successfully.
2026-08-12 13:38:05 | INFO     | services.clickhouse_writer | clickhouse_writer.py:39 | Loaded 0 rows from TSV.
2026-08-12 13:38:06 | WARNING  | services.clickhouse_writer | clickhouse_writer.py:77 | Added missing columns: watch_id, is_bounce, traffic_source, referer, search_engine, search_phrase, utm_source, utm_medium, utm_campaign, utm_content, utm_term, region_country, region_area, region_city, device_category, browser, browser_version, operating_system, operating_system_root, mobile_phone, mobile_phone_model, screen_width, screen_height, window_client_width, window_client_height, screen_colors, cookie_enabled, javascript_enabled, new_user, visit_number, last_traffic_source, ip_address, network_type, robotness, goals_reached, purchase_id, products_price, products_quantity, openstat_service, openstat_campaign, openstat_ad, openstat_source
2026-08-12 13:38:06 | INFO     | database.connection | connection.py:40 | Connected to ClickHouse: http://localhost:8123
2026-08-12 13:38:06 | INFO     | api.logs_api | logs_api.py:422 | Cleaning request 58535712.
2026-08-12 13:38:06 | INFO     | api.logs_api | logs_api.py:432 | Request 58535712 removed.
2026-08-12 13:38:06 | INFO     | services.etl | etl.py:107 | Task 58535712 completed.
2026-08-12 13:38:06 | INFO     | services.etl | etl.py:112 | ETL process completed successfully.
2026-08-12 13:44:11 | INFO     | database.connection | connection.py:40 | Connected to ClickHouse: http://localhost:8123
2026-08-12 13:44:11 | INFO     | database.connection | connection.py:68 | Checking table 'Visit'...
2026-08-12 13:44:11 | INFO     | database.connection | connection.py:76 | Database initialized successfully.
2026-08-12 13:44:11 | INFO     | services.etl | etl.py:43 | Starting ETL process.
2026-08-12 13:44:12 | INFO     | services.etl | etl.py:47 | Created 1 task(s).
2026-08-12 13:44:12 | INFO     | services.etl | etl.py:54 | Processing task 1 of 1.
2026-08-12 13:44:12 | INFO     | api.logs_api | logs_api.py:244 | Creating Logs API task for counter 111485101 (2026-08-11 - 2026-08-11).
2026-08-12 13:44:13 | INFO     | api.logs_api | logs_api.py:264 | Logs API task created successfully. Request ID: 58535867, Status: created
2026-08-12 13:45:07 | INFO     | api.logs_api | logs_api.py:325 | Request 58535867 processed. Parts: 1
2026-08-12 13:45:07 | INFO     | services.etl | etl.py:84 | Task 58535867 processed. Parts: 1
2026-08-12 13:45:07 | INFO     | services.etl | etl.py:92 | Downloading part 1 of 1.
2026-08-12 13:45:07 | INFO     | api.logs_api | logs_api.py:378 | Downloading part 1 of 1 (request 58535867).
2026-08-12 13:45:08 | INFO     | api.logs_api | logs_api.py:390 | Part 1 downloaded successfully.
2026-08-12 13:45:08 | INFO     | services.clickhouse_writer | clickhouse_writer.py:39 | Loaded 1 rows from TSV.
2026-08-12 13:45:08 | WARNING  | services.clickhouse_writer | clickhouse_writer.py:77 | Added missing columns: watch_id, is_bounce, traffic_source, referer, search_engine, search_phrase, utm_source, utm_medium, utm_campaign, utm_content, utm_term, region_country, region_area, region_city, device_category, browser, browser_version, operating_system, operating_system_root, mobile_phone, mobile_phone_model, screen_width, screen_height, window_client_width, window_client_height, screen_colors, cookie_enabled, javascript_enabled, new_user, visit_number, last_traffic_source, ip_address, network_type, robotness, goals_reached, purchase_id, products_price, products_quantity, openstat_service, openstat_campaign, openstat_ad, openstat_source
2026-08-12 13:45:08 | INFO     | database.connection | connection.py:40 | Connected to ClickHouse: http://localhost:8123
2026-08-12 13:52:15 | INFO     | database.connection | connection.py:40 | Connected to ClickHouse: http://localhost:8123
2026-08-12 13:52:15 | INFO     | database.connection | connection.py:68 | Checking table 'Visit'...
2026-08-12 13:52:15 | INFO     | database.connection | connection.py:76 | Database initialized successfully.
2026-08-12 13:52:15 | INFO     | services.etl | etl.py:43 | Starting ETL process.
2026-08-12 13:52:16 | INFO     | services.etl | etl.py:47 | Created 1 task(s).
2026-08-12 13:52:16 | INFO     | services.etl | etl.py:54 | Processing task 1 of 1.
2026-08-12 13:52:16 | INFO     | api.logs_api | logs_api.py:236 | Creating Logs API task for counter 111485101 (2026-08-11 - 2026-08-11).
2026-08-12 13:59:13 | INFO     | database.connection | connection.py:40 | Connected to ClickHouse: http://localhost:8123
2026-08-12 13:59:13 | INFO     | database.connection | connection.py:68 | Checking table 'Visit'...
2026-08-12 13:59:13 | INFO     | database.connection | connection.py:76 | Database initialized successfully.
2026-08-12 13:59:13 | INFO     | services.etl | etl.py:43 | Starting ETL process.
2026-08-12 13:59:14 | INFO     | services.etl | etl.py:47 | Created 1 task(s).
2026-08-12 13:59:14 | INFO     | services.etl | etl.py:54 | Processing task 1 of 1.
2026-08-12 13:59:14 | INFO     | api.logs_api | logs_api.py:236 | Creating Logs API task for counter 111485101 (2026-08-11 - 2026-08-11).
2026-08-12 13:59:14 | INFO     | api.logs_api | logs_api.py:256 | Logs API task created successfully. Request ID: 58536126, Status: created
2026-08-12 14:00:04 | INFO     | api.logs_api | logs_api.py:317 | Request 58536126 processed. Parts: 1
2026-08-12 14:00:04 | INFO     | services.etl | etl.py:84 | Task 58536126 processed. Parts: 1
2026-08-12 14:00:04 | INFO     | services.etl | etl.py:92 | Downloading part 1 of 1.
2026-08-12 14:00:04 | INFO     | api.logs_api | logs_api.py:370 | Downloading part 1 of 1 (request 58536126).
2026-08-12 14:00:04 | INFO     | api.logs_api | logs_api.py:382 | Part 1 downloaded successfully.
2026-08-12 14:00:04 | INFO     | services.clickhouse_writer | clickhouse_writer.py:39 | Loaded 1 rows from TSV.
2026-08-12 14:00:04 | INFO     | database.connection | connection.py:40 | Connected to ClickHouse: http://localhost:8123
2026-08-12 14:02:19 | INFO     | database.connection | connection.py:40 | Connected to ClickHouse: http://localhost:8123
2026-08-12 14:02:19 | INFO     | database.connection | connection.py:68 | Checking table 'Visit'...
2026-08-12 14:02:19 | INFO     | database.connection | connection.py:76 | Database initialized successfully.
2026-08-12 14:02:19 | INFO     | services.etl | etl.py:43 | Starting ETL process.
2026-08-12 14:02:21 | INFO     | services.etl | etl.py:47 | Created 1 task(s).
2026-08-12 14:02:21 | INFO     | services.etl | etl.py:54 | Processing task 1 of 1.
2026-08-12 14:02:21 | INFO     | api.logs_api | logs_api.py:236 | Creating Logs API task for counter 111485101 (2026-08-11 - 2026-08-11).
2026-08-12 14:02:23 | INFO     | api.logs_api | logs_api.py:256 | Logs API task created successfully. Request ID: 58536264, Status: created
2026-08-12 14:04:03 | INFO     | api.logs_api | logs_api.py:317 | Request 58536264 processed. Parts: 1
2026-08-12 14:04:03 | INFO     | services.etl | etl.py:84 | Task 58536264 processed. Parts: 1
2026-08-12 14:04:03 | INFO     | services.etl | etl.py:92 | Downloading part 1 of 1.
2026-08-12 14:04:03 | INFO     | api.logs_api | logs_api.py:370 | Downloading part 1 of 1 (request 58536264).
2026-08-12 14:04:04 | INFO     | api.logs_api | logs_api.py:382 | Part 1 downloaded successfully.
2026-08-12 14:04:04 | INFO     | services.clickhouse_writer | clickhouse_writer.py:39 | Loaded 1 rows from TSV.
2026-08-12 14:04:04 | INFO     | database.connection | connection.py:40 | Connected to ClickHouse: http://localhost:8123
2026-08-12 14:06:13 | INFO     | database.connection | connection.py:40 | Connected to ClickHouse: http://localhost:8123
2026-08-12 14:06:13 | INFO     | database.connection | connection.py:68 | Checking table 'Visit'...
2026-08-12 14:06:13 | INFO     | database.connection | connection.py:76 | Database initialized successfully.
2026-08-12 14:06:13 | INFO     | services.etl | etl.py:43 | Starting ETL process.
2026-08-12 14:06:13 | INFO     | services.etl | etl.py:47 | Created 1 task(s).
2026-08-12 14:06:13 | INFO     | services.etl | etl.py:54 | Processing task 1 of 1.
2026-08-12 14:06:13 | INFO     | api.logs_api | logs_api.py:236 | Creating Logs API task for counter 111485101 (2026-08-11 - 2026-08-11).
2026-08-12 14:06:14 | INFO     | api.logs_api | logs_api.py:256 | Logs API task created successfully. Request ID: 58536335, Status: created
2026-08-12 14:09:17 | INFO     | api.logs_api | logs_api.py:317 | Request 58536335 processed. Parts: 1
2026-08-12 14:09:17 | INFO     | services.etl | etl.py:84 | Task 58536335 processed. Parts: 1
2026-08-12 14:09:17 | INFO     | services.etl | etl.py:92 | Downloading part 1 of 1.
2026-08-12 14:09:17 | INFO     | api.logs_api | logs_api.py:370 | Downloading part 1 of 1 (request 58536335).
2026-08-12 14:09:18 | INFO     | api.logs_api | logs_api.py:382 | Part 1 downloaded successfully.
2026-08-12 14:09:18 | INFO     | services.clickhouse_writer | clickhouse_writer.py:39 | Loaded 1 rows from TSV.
2026-08-12 14:09:18 | INFO     | database.connection | connection.py:40 | Connected to ClickHouse: http://localhost:8123
2026-08-12 14:12:07 | INFO     | database.connection | connection.py:40 | Connected to ClickHouse: http://localhost:8123
2026-08-12 14:12:07 | INFO     | database.connection | connection.py:68 | Checking table 'Visit'...
2026-08-12 14:12:07 | INFO     | database.connection | connection.py:76 | Database initialized successfully.
2026-08-12 14:12:07 | INFO     | services.etl | etl.py:43 | Starting ETL process.
2026-08-12 14:12:08 | INFO     | services.etl | etl.py:47 | Created 1 task(s).
2026-08-12 14:12:08 | INFO     | services.etl | etl.py:54 | Processing task 1 of 1.
2026-08-12 14:12:08 | INFO     | api.logs_api | logs_api.py:236 | Creating Logs API task for counter 111485101 (2026-08-11 - 2026-08-11).
2026-08-12 14:12:08 | INFO     | api.logs_api | logs_api.py:256 | Logs API task created successfully. Request ID: 58536430, Status: created
2026-08-12 14:13:06 | INFO     | api.logs_api | logs_api.py:317 | Request 58536430 processed. Parts: 1
2026-08-12 14:13:06 | INFO     | services.etl | etl.py:84 | Task 58536430 processed. Parts: 1
2026-08-12 14:13:06 | INFO     | services.etl | etl.py:92 | Downloading part 1 of 1.
2026-08-12 14:13:06 | INFO     | api.logs_api | logs_api.py:370 | Downloading part 1 of 1 (request 58536430).
2026-08-12 14:13:06 | INFO     | api.logs_api | logs_api.py:382 | Part 1 downloaded successfully.
2026-08-12 14:13:06 | INFO     | services.clickhouse_writer | clickhouse_writer.py:39 | Loaded 1 rows from TSV.
2026-08-12 14:13:07 | INFO     | database.connection | connection.py:40 | Connected to ClickHouse: http://localhost:8123
2026-08-12 14:13:07 | ERROR    | database.connection | connection.py:122 | Insert failed. Retry after 10 seconds...
Traceback (most recent call last):
  File "c:\Users\dima_\Desktop\yandex_metrika_clickhouse\database\connection.py", line 111, in insert_db
    db.insert(objects)
  File "C:\ProgramData\anaconda3\Lib\site-packages\infi\clickhouse_orm\database.py", line 248, in insert
    self._send(gen())
  File "C:\ProgramData\anaconda3\Lib\site-packages\infi\clickhouse_orm\database.py", line 375, in _send
    raise ServerError(r.text)
infi.clickhouse_orm.database.ServerError: No such column search_engine_root in table metrika.visit (fa380e79-f315-44b4-90c6-b0cb34f59865). (NO_SUCH_COLUMN_IN_TABLE) (version 26.7.1.1315 (official build)) (16)
2026-08-12 14:13:17 | ERROR    | database.connection | connection.py:122 | Insert failed. Retry after 10 seconds...
Traceback (most recent call last):
  File "c:\Users\dima_\Desktop\yandex_metrika_clickhouse\database\connection.py", line 111, in insert_db
    db.insert(objects)
  File "C:\ProgramData\anaconda3\Lib\site-packages\infi\clickhouse_orm\database.py", line 248, in insert
    self._send(gen())
  File "C:\ProgramData\anaconda3\Lib\site-packages\infi\clickhouse_orm\database.py", line 375, in _send
    raise ServerError(r.text)
infi.clickhouse_orm.database.ServerError: No such column search_engine_root in table metrika.visit (fa380e79-f315-44b4-90c6-b0cb34f59865). (NO_SUCH_COLUMN_IN_TABLE) (version 26.7.1.1315 (official build)) (16)
2026-08-12 14:13:27 | ERROR    | database.connection | connection.py:122 | Insert failed. Retry after 10 seconds...
Traceback (most recent call last):
  File "c:\Users\dima_\Desktop\yandex_metrika_clickhouse\database\connection.py", line 111, in insert_db
    db.insert(objects)
  File "C:\ProgramData\anaconda3\Lib\site-packages\infi\clickhouse_orm\database.py", line 248, in insert
    self._send(gen())
  File "C:\ProgramData\anaconda3\Lib\site-packages\infi\clickhouse_orm\database.py", line 375, in _send
    raise ServerError(r.text)
infi.clickhouse_orm.database.ServerError: No such column search_engine_root in table metrika.visit (fa380e79-f315-44b4-90c6-b0cb34f59865). (NO_SUCH_COLUMN_IN_TABLE) (version 26.7.1.1315 (official build)) (16)
2026-08-12 14:13:37 | ERROR    | database.connection | connection.py:122 | Insert failed. Retry after 10 seconds...
Traceback (most recent call last):
  File "c:\Users\dima_\Desktop\yandex_metrika_clickhouse\database\connection.py", line 111, in insert_db
    db.insert(objects)
  File "C:\ProgramData\anaconda3\Lib\site-packages\infi\clickhouse_orm\database.py", line 248, in insert
    self._send(gen())
  File "C:\ProgramData\anaconda3\Lib\site-packages\infi\clickhouse_orm\database.py", line 375, in _send
    raise ServerError(r.text)
infi.clickhouse_orm.database.ServerError: No such column search_engine_root in table metrika.visit (fa380e79-f315-44b4-90c6-b0cb34f59865). (NO_SUCH_COLUMN_IN_TABLE) (version 26.7.1.1315 (official build)) (16)
2026-08-12 14:13:47 | ERROR    | database.connection | connection.py:122 | Insert failed. Retry after 10 seconds...
Traceback (most recent call last):
  File "c:\Users\dima_\Desktop\yandex_metrika_clickhouse\database\connection.py", line 111, in insert_db
    db.insert(objects)
  File "C:\ProgramData\anaconda3\Lib\site-packages\infi\clickhouse_orm\database.py", line 248, in insert
    self._send(gen())
  File "C:\ProgramData\anaconda3\Lib\site-packages\infi\clickhouse_orm\database.py", line 375, in _send
    raise ServerError(r.text)
infi.clickhouse_orm.database.ServerError: No such column search_engine_root in table metrika.visit (fa380e79-f315-44b4-90c6-b0cb34f59865). (NO_SUCH_COLUMN_IN_TABLE) (version 26.7.1.1315 (official build)) (16)
2026-08-12 14:13:57 | ERROR    | database.connection | connection.py:122 | Insert failed. Retry after 10 seconds...
Traceback (most recent call last):
  File "c:\Users\dima_\Desktop\yandex_metrika_clickhouse\database\connection.py", line 111, in insert_db
    db.insert(objects)
  File "C:\ProgramData\anaconda3\Lib\site-packages\infi\clickhouse_orm\database.py", line 248, in insert
    self._send(gen())
  File "C:\ProgramData\anaconda3\Lib\site-packages\infi\clickhouse_orm\database.py", line 375, in _send
    raise ServerError(r.text)
infi.clickhouse_orm.database.ServerError: No such column search_engine_root in table metrika.visit (fa380e79-f315-44b4-90c6-b0cb34f59865). (NO_SUCH_COLUMN_IN_TABLE) (version 26.7.1.1315 (official build)) (16)
2026-08-12 14:14:07 | ERROR    | database.connection | connection.py:122 | Insert failed. Retry after 10 seconds...
Traceback (most recent call last):
  File "c:\Users\dima_\Desktop\yandex_metrika_clickhouse\database\connection.py", line 111, in insert_db
    db.insert(objects)
  File "C:\ProgramData\anaconda3\Lib\site-packages\infi\clickhouse_orm\database.py", line 248, in insert
    self._send(gen())
  File "C:\ProgramData\anaconda3\Lib\site-packages\infi\clickhouse_orm\database.py", line 375, in _send
    raise ServerError(r.text)
infi.clickhouse_orm.database.ServerError: No such column search_engine_root in table metrika.visit (fa380e79-f315-44b4-90c6-b0cb34f59865). (NO_SUCH_COLUMN_IN_TABLE) (version 26.7.1.1315 (official build)) (16)
2026-08-12 14:14:17 | ERROR    | database.connection | connection.py:122 | Insert failed. Retry after 10 seconds...
Traceback (most recent call last):
  File "c:\Users\dima_\Desktop\yandex_metrika_clickhouse\database\connection.py", line 111, in insert_db
    db.insert(objects)
  File "C:\ProgramData\anaconda3\Lib\site-packages\infi\clickhouse_orm\database.py", line 248, in insert
    self._send(gen())
  File "C:\ProgramData\anaconda3\Lib\site-packages\infi\clickhouse_orm\database.py", line 375, in _send
    raise ServerError(r.text)
infi.clickhouse_orm.database.ServerError: No such column search_engine_root in table metrika.visit (fa380e79-f315-44b4-90c6-b0cb34f59865). (NO_SUCH_COLUMN_IN_TABLE) (version 26.7.1.1315 (official build)) (16)
2026-08-12 14:14:27 | ERROR    | database.connection | connection.py:122 | Insert failed. Retry after 10 seconds...
Traceback (most recent call last):
  File "c:\Users\dima_\Desktop\yandex_metrika_clickhouse\database\connection.py", line 111, in insert_db
    db.insert(objects)
  File "C:\ProgramData\anaconda3\Lib\site-packages\infi\clickhouse_orm\database.py", line 248, in insert
    self._send(gen())
  File "C:\ProgramData\anaconda3\Lib\site-packages\infi\clickhouse_orm\database.py", line 375, in _send
    raise ServerError(r.text)
infi.clickhouse_orm.database.ServerError: No such column search_engine_root in table metrika.visit (fa380e79-f315-44b4-90c6-b0cb34f59865). (NO_SUCH_COLUMN_IN_TABLE) (version 26.7.1.1315 (official build)) (16)
2026-08-12 14:14:37 | ERROR    | database.connection | connection.py:122 | Insert failed. Retry after 10 seconds...
Traceback (most recent call last):
  File "c:\Users\dima_\Desktop\yandex_metrika_clickhouse\database\connection.py", line 111, in insert_db
    db.insert(objects)
  File "C:\ProgramData\anaconda3\Lib\site-packages\infi\clickhouse_orm\database.py", line 248, in insert
    self._send(gen())
  File "C:\ProgramData\anaconda3\Lib\site-packages\infi\clickhouse_orm\database.py", line 375, in _send
    raise ServerError(r.text)
infi.clickhouse_orm.database.ServerError: No such column search_engine_root in table metrika.visit (fa380e79-f315-44b4-90c6-b0cb34f59865). (NO_SUCH_COLUMN_IN_TABLE) (version 26.7.1.1315 (official build)) (16)
2026-08-12 14:17:18 | INFO     | database.connection | connection.py:40 | Connected to ClickHouse: http://localhost:8123
2026-08-12 14:17:18 | INFO     | database.connection | connection.py:68 | Checking table 'Visit'...
2026-08-12 14:17:18 | INFO     | database.connection | connection.py:76 | Database initialized successfully.
2026-08-12 14:17:18 | INFO     | services.etl | etl.py:43 | Starting ETL process.
2026-08-12 14:17:18 | INFO     | services.etl | etl.py:47 | Created 1 task(s).
2026-08-12 14:17:18 | INFO     | services.etl | etl.py:54 | Processing task 1 of 1.
2026-08-12 14:17:18 | INFO     | api.logs_api | logs_api.py:236 | Creating Logs API task for counter 111485101 (2026-08-11 - 2026-08-11).
2026-08-12 14:17:19 | INFO     | api.logs_api | logs_api.py:256 | Logs API task created successfully. Request ID: 58536520, Status: created
2026-08-12 14:18:03 | INFO     | api.logs_api | logs_api.py:317 | Request 58536520 processed. Parts: 1
2026-08-12 14:18:03 | INFO     | services.etl | etl.py:84 | Task 58536520 processed. Parts: 1
2026-08-12 14:18:03 | INFO     | services.etl | etl.py:92 | Downloading part 1 of 1.
2026-08-12 14:18:03 | INFO     | api.logs_api | logs_api.py:370 | Downloading part 1 of 1 (request 58536520).
2026-08-12 14:18:03 | INFO     | api.logs_api | logs_api.py:382 | Part 1 downloaded successfully.
2026-08-12 14:18:03 | INFO     | services.clickhouse_writer | clickhouse_writer.py:39 | Loaded 1 rows from TSV.
2026-08-12 14:18:03 | INFO     | database.connection | connection.py:40 | Connected to ClickHouse: http://localhost:8123
2026-08-12 14:18:03 | INFO     | database.connection | connection.py:113 | Inserted 1 rows.
2026-08-12 14:18:03 | INFO     | api.logs_api | logs_api.py:414 | Cleaning request 58536520.
2026-08-12 14:18:04 | INFO     | api.logs_api | logs_api.py:424 | Request 58536520 removed.
2026-08-12 14:18:04 | INFO     | services.etl | etl.py:107 | Task 58536520 completed.
2026-08-12 14:18:04 | INFO     | services.etl | etl.py:112 | ETL process completed successfully.
2026-08-12 15:01:39 | INFO     | services.etl | etl.py:35 | Starting ETL process.
2026-08-12 15:01:40 | INFO     | services.etl | etl.py:39 | Created 1 task(s).
2026-08-12 15:01:40 | INFO     | services.etl | etl.py:46 | Processing task 1 of 1.
2026-08-12 15:01:40 | INFO     | api.logs_api | logs_api.py:236 | Creating Logs API task for counter 111485101 (2026-08-11 - 2026-08-11).
2026-08-12 15:01:41 | INFO     | api.logs_api | logs_api.py:256 | Logs API task created successfully. Request ID: 58537420, Status: created
2026-08-12 15:04:09 | INFO     | api.logs_api | logs_api.py:317 | Request 58537420 processed. Parts: 1
2026-08-12 15:04:09 | INFO     | services.etl | etl.py:76 | Task 58537420 processed. Parts: 1
2026-08-12 15:04:09 | INFO     | services.etl | etl.py:84 | Downloading part 1 of 1.
2026-08-12 15:04:09 | INFO     | api.logs_api | logs_api.py:370 | Downloading part 1 of 1 (request 58537420).
2026-08-12 15:04:09 | INFO     | api.logs_api | logs_api.py:382 | Part 1 downloaded successfully.
2026-08-12 15:04:09 | INFO     | services.clickhouse_writer | clickhouse_writer.py:49 | Loaded 1 rows from TSV.
2026-08-12 15:04:10 | INFO     | database.connection | connection.py:36 | Connected to ClickHouse: http://localhost:8123
2026-08-12 15:04:10 | INFO     | services.clickhouse_writer | clickhouse_writer.py:264 | Inserting rows 1-1 of 1.
2026-08-12 15:04:10 | INFO     | database.connection | connection.py:90 | Inserted 1 rows.
2026-08-12 15:04:10 | INFO     | api.logs_api | logs_api.py:414 | Cleaning request 58537420.
2026-08-12 15:04:11 | INFO     | api.logs_api | logs_api.py:424 | Request 58537420 removed.
2026-08-12 15:04:11 | INFO     | services.etl | etl.py:99 | Task 58537420 completed.
2026-08-12 15:04:11 | INFO     | services.etl | etl.py:104 | ETL process completed successfully.
2026-08-12 15:25:40 | INFO     | services.etl | etl.py:35 | Starting ETL process.
2026-08-12 15:25:41 | INFO     | services.etl | etl.py:39 | Created 1 task(s).
2026-08-12 15:25:41 | INFO     | services.etl | etl.py:46 | Processing task 1 of 1.
2026-08-12 15:25:41 | INFO     | api.logs_api | logs_api.py:236 | Creating Logs API task for counter 111485101 (2026-08-11 - 2026-08-11).
2026-08-12 15:25:42 | INFO     | api.logs_api | logs_api.py:256 | Logs API task created successfully. Request ID: 58537971, Status: created
2026-08-12 15:26:04 | INFO     | api.logs_api | logs_api.py:317 | Request 58537971 processed. Parts: 1
2026-08-12 15:26:04 | INFO     | services.etl | etl.py:76 | Task 58537971 processed. Parts: 1
2026-08-12 15:26:04 | INFO     | services.etl | etl.py:84 | Downloading part 1 of 1.
2026-08-12 15:26:04 | INFO     | api.logs_api | logs_api.py:370 | Downloading part 1 of 1 (request 58537971).
2026-08-12 15:26:05 | INFO     | api.logs_api | logs_api.py:382 | Part 1 downloaded successfully.
2026-08-12 15:26:05 | INFO     | services.clickhouse_writer | clickhouse_writer.py:49 | Loaded 1 rows from TSV.
2026-08-12 15:26:05 | INFO     | database.connection | connection.py:36 | Connected to ClickHouse: http://localhost:8123
2026-08-12 15:26:05 | INFO     | services.clickhouse_writer | clickhouse_writer.py:264 | Inserting rows 1-1 of 1.
2026-08-12 15:26:05 | INFO     | database.connection | connection.py:90 | Inserted 1 rows.
2026-08-12 15:26:05 | INFO     | api.logs_api | logs_api.py:414 | Cleaning request 58537971.
2026-08-12 15:26:06 | INFO     | api.logs_api | logs_api.py:424 | Request 58537971 removed.
2026-08-12 15:26:06 | INFO     | services.etl | etl.py:99 | Task 58537971 completed.
2026-08-12 15:26:06 | INFO     | services.etl | etl.py:104 | ETL process completed successfully.
2026-08-12 15:27:04 | INFO     | services.etl | etl.py:35 | Starting ETL process.
2026-08-12 15:27:05 | INFO     | services.etl | etl.py:39 | Created 1 task(s).
2026-08-12 15:27:05 | INFO     | services.etl | etl.py:46 | Processing task 1 of 1.
2026-08-12 15:27:05 | INFO     | api.logs_api | logs_api.py:236 | Creating Logs API task for counter 111485101 (2026-08-11 - 2026-08-11).
2026-08-12 15:27:05 | INFO     | api.logs_api | logs_api.py:256 | Logs API task created successfully. Request ID: 58537992, Status: created
2026-08-12 15:28:06 | INFO     | api.logs_api | logs_api.py:317 | Request 58537992 processed. Parts: 1
2026-08-12 15:28:06 | INFO     | services.etl | etl.py:76 | Task 58537992 processed. Parts: 1
2026-08-12 15:28:06 | INFO     | services.etl | etl.py:84 | Downloading part 1 of 1.
2026-08-12 15:28:06 | INFO     | api.logs_api | logs_api.py:370 | Downloading part 1 of 1 (request 58537992).
2026-08-12 15:28:07 | INFO     | api.logs_api | logs_api.py:382 | Part 1 downloaded successfully.
2026-08-12 15:28:07 | INFO     | services.clickhouse_writer | clickhouse_writer.py:49 | Loaded 1 rows from TSV.
2026-08-12 15:28:07 | INFO     | database.connection | connection.py:36 | Connected to ClickHouse: http://localhost:8123
2026-08-12 15:28:07 | INFO     | services.clickhouse_writer | clickhouse_writer.py:264 | Inserting rows 1-1 of 1.
2026-08-12 15:28:07 | INFO     | database.connection | connection.py:90 | Inserted 1 rows.
2026-08-12 15:28:07 | INFO     | api.logs_api | logs_api.py:414 | Cleaning request 58537992.
2026-08-12 15:28:08 | INFO     | api.logs_api | logs_api.py:424 | Request 58537992 removed.
2026-08-12 15:28:08 | INFO     | services.etl | etl.py:99 | Task 58537992 completed.
2026-08-12 15:28:08 | INFO     | services.etl | etl.py:104 | ETL process completed successfully.
2026-08-12 15:33:56 | INFO     | services.etl | etl.py:35 | Starting ETL process.
2026-08-12 15:33:57 | INFO     | services.etl | etl.py:39 | Created 1 task(s).
2026-08-12 15:33:57 | INFO     | services.etl | etl.py:46 | Processing task 1 of 1.
2026-08-12 15:33:57 | INFO     | api.logs_api | logs_api.py:236 | Creating Logs API task for counter 111485101 (2026-08-11 - 2026-08-11).
2026-08-12 15:33:57 | INFO     | api.logs_api | logs_api.py:256 | Logs API task created successfully. Request ID: 58538185, Status: created
2026-08-12 15:34:08 | INFO     | api.logs_api | logs_api.py:317 | Request 58538185 processed. Parts: 1
2026-08-12 15:34:08 | INFO     | services.etl | etl.py:76 | Task 58538185 processed. Parts: 1
2026-08-12 15:34:08 | INFO     | services.etl | etl.py:84 | Downloading part 1 of 1.
2026-08-12 15:34:08 | INFO     | api.logs_api | logs_api.py:370 | Downloading part 1 of 1 (request 58538185).
2026-08-12 15:34:09 | INFO     | api.logs_api | logs_api.py:382 | Part 1 downloaded successfully.
2026-08-12 15:34:09 | INFO     | services.clickhouse_writer | clickhouse_writer.py:49 | Loaded 1 rows from TSV.
2026-08-12 15:34:09 | INFO     | database.connection | connection.py:36 | Connected to ClickHouse: http://localhost:8123
2026-08-12 15:34:09 | INFO     | services.clickhouse_writer | clickhouse_writer.py:271 | Inserting rows 1-1 of 1.
2026-08-12 15:34:09 | INFO     | database.connection | connection.py:90 | Inserted 1 rows.
2026-08-12 15:34:09 | INFO     | api.logs_api | logs_api.py:414 | Cleaning request 58538185.
2026-08-12 15:34:10 | INFO     | api.logs_api | logs_api.py:424 | Request 58538185 removed.
2026-08-12 15:34:10 | INFO     | services.etl | etl.py:99 | Task 58538185 completed.
2026-08-12 15:34:10 | INFO     | services.etl | etl.py:104 | ETL process completed successfully.
2026-08-12 15:39:38 | INFO     | services.etl | etl.py:35 | Starting ETL process.
2026-08-12 15:39:39 | INFO     | services.etl | etl.py:39 | Created 1 task(s).
2026-08-12 15:39:39 | INFO     | services.etl | etl.py:46 | Processing task 1 of 1.
2026-08-12 15:39:39 | INFO     | api.logs_api | logs_api.py:236 | Creating Logs API task for counter 111485101 (2026-08-11 - 2026-08-11).
2026-08-12 15:39:40 | INFO     | api.logs_api | logs_api.py:256 | Logs API task created successfully. Request ID: 58538298, Status: created
2026-08-12 15:40:07 | INFO     | api.logs_api | logs_api.py:317 | Request 58538298 processed. Parts: 1
2026-08-12 15:40:07 | INFO     | services.etl | etl.py:76 | Task 58538298 processed. Parts: 1
2026-08-12 15:40:07 | INFO     | services.etl | etl.py:84 | Downloading part 1 of 1.
2026-08-12 15:40:07 | INFO     | api.logs_api | logs_api.py:370 | Downloading part 1 of 1 (request 58538298).
2026-08-12 15:40:08 | INFO     | api.logs_api | logs_api.py:382 | Part 1 downloaded successfully.
2026-08-12 15:40:08 | INFO     | services.clickhouse_writer | clickhouse_writer.py:49 | Loaded 1 rows from TSV.
2026-08-12 15:40:08 | INFO     | services.clickhouse_writer | clickhouse_writer.py:231 | Version values before insert: [1786527608516]
2026-08-12 15:40:08 | INFO     | database.connection | connection.py:36 | Connected to ClickHouse: http://localhost:8123
2026-08-12 15:40:08 | INFO     | services.clickhouse_writer | clickhouse_writer.py:276 | Inserting rows 1-1 of 1.
2026-08-12 15:40:08 | INFO     | database.connection | connection.py:90 | Inserted 1 rows.
2026-08-12 15:40:08 | INFO     | api.logs_api | logs_api.py:414 | Cleaning request 58538298.
2026-08-12 15:40:09 | INFO     | api.logs_api | logs_api.py:424 | Request 58538298 removed.
2026-08-12 15:40:09 | INFO     | services.etl | etl.py:99 | Task 58538298 completed.
2026-08-12 15:40:09 | INFO     | services.etl | etl.py:104 | ETL process completed successfully.
2026-08-12 15:50:52 | INFO     | services.etl | etl.py:41 | Starting ETL process.
2026-08-12 15:50:53 | INFO     | services.etl | etl.py:45 | Created 1 task(s).
2026-08-12 15:50:53 | INFO     | services.etl | etl.py:52 | Processing task 1 of 1.
2026-08-12 15:50:53 | INFO     | api.logs_api | logs_api.py:236 | Creating Logs API task for counter 111485101 (2026-08-11 - 2026-08-11).
2026-08-12 15:50:53 | INFO     | api.logs_api | logs_api.py:256 | Logs API task created successfully. Request ID: 58538470, Status: created
2026-08-12 15:52:15 | INFO     | api.logs_api | logs_api.py:317 | Request 58538470 processed. Parts: 1
2026-08-12 15:52:15 | INFO     | services.etl | etl.py:82 | Task 58538470 processed. Parts: 1
2026-08-12 15:52:15 | INFO     | services.etl | etl.py:90 | Downloading part 1 of 1.
2026-08-12 15:52:15 | INFO     | api.logs_api | logs_api.py:370 | Downloading part 1 of 1 (request 58538470).
2026-08-12 15:52:16 | INFO     | api.logs_api | logs_api.py:382 | Part 1 downloaded successfully.
2026-08-12 15:52:16 | INFO     | services.clickhouse_writer | clickhouse_writer.py:49 | Loaded 1 rows from TSV.
2026-08-12 15:52:16 | INFO     | services.clickhouse_writer | clickhouse_writer.py:231 | Version values before insert: [1786528336502]
2026-08-12 15:52:16 | INFO     | database.connection | connection.py:36 | Connected to ClickHouse: http://localhost:8123
2026-08-12 15:52:16 | INFO     | services.clickhouse_writer | clickhouse_writer.py:276 | Inserting rows 1-1 of 1.
2026-08-12 15:52:16 | INFO     | database.connection | connection.py:90 | Inserted 1 rows.
2026-08-12 15:52:16 | INFO     | api.logs_api | logs_api.py:414 | Cleaning request 58538470.
2026-08-12 15:52:17 | INFO     | api.logs_api | logs_api.py:424 | Request 58538470 removed.
2026-08-12 15:52:17 | INFO     | services.etl | etl.py:105 | Task 58538470 completed.
2026-08-12 15:52:17 | INFO     | services.etl | etl.py:110 | Task 58538470 completed.
2026-08-12 15:53:52 | INFO     | services.etl | etl.py:41 | Starting ETL process.
2026-08-12 15:53:53 | INFO     | services.etl | etl.py:45 | Created 1 task(s).
2026-08-12 15:53:53 | INFO     | services.etl | etl.py:52 | Processing task 1 of 1.
2026-08-12 15:53:53 | INFO     | api.logs_api | logs_api.py:236 | Creating Logs API task for counter 111485101 (2026-08-11 - 2026-08-11).
2026-08-12 15:53:53 | INFO     | api.logs_api | logs_api.py:256 | Logs API task created successfully. Request ID: 58538517, Status: created
2026-08-12 15:54:09 | INFO     | api.logs_api | logs_api.py:317 | Request 58538517 processed. Parts: 1
2026-08-12 15:54:09 | INFO     | services.etl | etl.py:82 | Task 58538517 processed. Parts: 1
2026-08-12 15:54:09 | INFO     | services.etl | etl.py:90 | Downloading part 1 of 1.
2026-08-12 15:54:09 | INFO     | api.logs_api | logs_api.py:370 | Downloading part 1 of 1 (request 58538517).
2026-08-12 15:54:10 | INFO     | api.logs_api | logs_api.py:382 | Part 1 downloaded successfully.
2026-08-12 15:54:10 | INFO     | services.clickhouse_writer | clickhouse_writer.py:49 | Loaded 1 rows from TSV.
2026-08-12 15:54:10 | INFO     | services.clickhouse_writer | clickhouse_writer.py:231 | Version values before insert: [1786528450787]
2026-08-12 15:54:10 | INFO     | database.connection | connection.py:36 | Connected to ClickHouse: http://localhost:8123
2026-08-12 15:54:10 | INFO     | services.clickhouse_writer | clickhouse_writer.py:276 | Inserting rows 1-1 of 1.
2026-08-12 15:54:11 | INFO     | database.connection | connection.py:90 | Inserted 1 rows.
2026-08-12 15:54:11 | INFO     | api.logs_api | logs_api.py:414 | Cleaning request 58538517.
2026-08-12 15:54:11 | INFO     | api.logs_api | logs_api.py:424 | Request 58538517 removed.
2026-08-12 15:54:11 | INFO     | services.etl | etl.py:105 | Task 58538517 completed.
2026-08-12 15:54:11 | INFO     | services.etl | etl.py:110 | Task 58538517 completed.
2026-08-12 15:54:11 | INFO     | database.connection | connection.py:36 | Connected to ClickHouse: http://localhost:8123
2026-08-12 15:54:11 | INFO     | services.etl | etl.py:118 | Visit statistics: total_rows=1, unique_visits=1, duplicates=0
2026-08-12 15:54:11 | INFO     | services.etl | etl.py:125 | ETL process completed successfully.
2026-08-13 12:01:04 | INFO     | services.etl | etl.py:41 | Starting ETL process.
2026-08-13 12:01:05 | INFO     | services.etl | etl.py:45 | Created 1 task(s).
2026-08-13 12:01:05 | INFO     | services.etl | etl.py:52 | Processing task 1 of 1.
2026-08-13 12:01:05 | INFO     | api.logs_api | logs_api.py:236 | Creating Logs API task for counter 111485101 (2026-08-11 - 2026-08-12).
2026-08-13 12:01:05 | INFO     | api.logs_api | logs_api.py:256 | Logs API task created successfully. Request ID: 58577360, Status: created
2026-08-13 12:02:33 | INFO     | api.logs_api | logs_api.py:317 | Request 58577360 processed. Parts: 1
2026-08-13 12:02:33 | INFO     | services.etl | etl.py:82 | Task 58577360 processed. Parts: 1
2026-08-13 12:02:33 | INFO     | services.etl | etl.py:90 | Downloading part 1 of 1.
2026-08-13 12:02:33 | INFO     | api.logs_api | logs_api.py:370 | Downloading part 1 of 1 (request 58577360).
2026-08-13 12:02:33 | INFO     | api.logs_api | logs_api.py:382 | Part 1 downloaded successfully.
2026-08-13 12:02:34 | INFO     | services.clickhouse_writer | clickhouse_writer.py:49 | Loaded 1 rows from TSV.
2026-08-13 12:02:34 | INFO     | services.clickhouse_writer | clickhouse_writer.py:231 | Version values before insert: [1786600954217]
2026-08-13 12:02:43 | ERROR    | database.connection | connection.py:45 | Failed to connect to ClickHouse.
Traceback (most recent call last):
  File "C:\ProgramData\anaconda3\Lib\site-packages\urllib3\connection.py", line 199, in _new_conn
    sock = connection.create_connection(
           ^^^^^^^^^^^^^^^^^^^^^^^^^^^^^
  File "C:\ProgramData\anaconda3\Lib\site-packages\urllib3\util\connection.py", line 85, in create_connection
    raise err
  File "C:\ProgramData\anaconda3\Lib\site-packages\urllib3\util\connection.py", line 73, in create_connection
    sock.connect(sa)
ConnectionRefusedError: [WinError 10061] Подключение не установлено, т.к. конечный компьютер отверг запрос на подключение

The above exception was the direct cause of the following exception:

Traceback (most recent call last):
  File "C:\ProgramData\anaconda3\Lib\site-packages\urllib3\connectionpool.py", line 789, in urlopen
    response = self._make_request(
               ^^^^^^^^^^^^^^^^^^^
  File "C:\ProgramData\anaconda3\Lib\site-packages\urllib3\connectionpool.py", line 495, in _make_request
    conn.request(
  File "C:\ProgramData\anaconda3\Lib\site-packages\urllib3\connection.py", line 441, in request
    self.endheaders()
  File "C:\ProgramData\anaconda3\Lib\http\client.py", line 1331, in endheaders
    self._send_output(message_body, encode_chunked=encode_chunked)
  File "C:\ProgramData\anaconda3\Lib\http\client.py", line 1091, in _send_output
    self.send(msg)
  File "C:\ProgramData\anaconda3\Lib\http\client.py", line 1035, in send
    self.connect()
  File "C:\ProgramData\anaconda3\Lib\site-packages\urllib3\connection.py", line 279, in connect
    self.sock = self._new_conn()
                ^^^^^^^^^^^^^^^^
  File "C:\ProgramData\anaconda3\Lib\site-packages\urllib3\connection.py", line 214, in _new_conn
    raise NewConnectionError(
urllib3.exceptions.NewConnectionError: <urllib3.connection.HTTPConnection object at 0x00000218358A2480>: Failed to establish a new connection: [WinError 10061] Подключение не установлено, т.к. конечный компьютер отверг запрос на подключение

The above exception was the direct cause of the following exception:

Traceback (most recent call last):
  File "C:\Users\dima_\AppData\Roaming\Python\Python312\site-packages\clickhouse_connect\driver\_backend\http_sync.py", line 327, in request
    response: HTTPResponse = cast(HTTPResponse, cast(PoolManager, self.http).request(method, url, **kwargs))
                                                ^^^^^^^^^^^^^^^^^^^^^^^^^^^^^^^^^^^^^^^^^^^^^^^^^^^^^^^^^^^
  File "C:\ProgramData\anaconda3\Lib\site-packages\urllib3\_request_methods.py", line 143, in request
    return self.request_encode_body(
           ^^^^^^^^^^^^^^^^^^^^^^^^^
  File "C:\ProgramData\anaconda3\Lib\site-packages\urllib3\_request_methods.py", line 278, in request_encode_body
    return self.urlopen(method, url, **extra_kw)
           ^^^^^^^^^^^^^^^^^^^^^^^^^^^^^^^^^^^^^
  File "C:\ProgramData\anaconda3\Lib\site-packages\urllib3\poolmanager.py", line 443, in urlopen
    response = conn.urlopen(method, u.request_uri, **kw)
               ^^^^^^^^^^^^^^^^^^^^^^^^^^^^^^^^^^^^^^^^^
  File "C:\ProgramData\anaconda3\Lib\site-packages\urllib3\connectionpool.py", line 873, in urlopen
    return self.urlopen(
           ^^^^^^^^^^^^^
  File "C:\ProgramData\anaconda3\Lib\site-packages\urllib3\connectionpool.py", line 843, in urlopen
    retries = retries.increment(
              ^^^^^^^^^^^^^^^^^^
  File "C:\ProgramData\anaconda3\Lib\site-packages\urllib3\util\retry.py", line 519, in increment
    raise MaxRetryError(_pool, url, reason) from reason  # type: ignore[arg-type]
    ^^^^^^^^^^^^^^^^^^^^^^^^^^^^^^^^^^^^^^^^^^^^^^^^^^^
urllib3.exceptions.MaxRetryError: HTTPConnectionPool(host='localhost', port=8123): Max retries exceeded with url: /?query_id=2c319d8e-b99b-4946-b7e4-0ac19713cd6b (Caused by NewConnectionError('<urllib3.connection.HTTPConnection object at 0x00000218358A2480>: Failed to establish a new connection: [WinError 10061] Подключение не установлено, т.к. конечный компьютер отверг запрос на подключение'))

The above exception was the direct cause of the following exception:

Traceback (most recent call last):
  File "c:\Users\dima_\Desktop\yandex_metrika_clickhouse\database\connection.py", line 28, in database_connect
    client = clickhouse_connect.get_client(
             ^^^^^^^^^^^^^^^^^^^^^^^^^^^^^^
  File "C:\Users\dima_\AppData\Roaming\Python\Python312\site-packages\clickhouse_connect\driver\__init__.py", line 316, in create_client
    return HttpClient(
           ^^^^^^^^^^^
  File "C:\Users\dima_\AppData\Roaming\Python\Python312\site-packages\clickhouse_connect\driver\httpclient.py", line 211, in __init__
    super().__init__(
  File "C:\Users\dima_\AppData\Roaming\Python\Python312\site-packages\clickhouse_connect\driver\client.py", line 223, in __init__
    self._init_common_settings(resolved_tz_source)
  File "C:\Users\dima_\AppData\Roaming\Python\Python312\site-packages\clickhouse_connect\driver\httpclient.py", line 224, in _init_common_settings
    super()._init_common_settings(tz_source)
  File "C:\Users\dima_\AppData\Roaming\Python\Python312\site-packages\clickhouse_connect\driver\client.py", line 230, in _init_common_settings
    result = run_sync(init_sequence(config), self._execute_operation)
             ^^^^^^^^^^^^^^^^^^^^^^^^^^^^^^^^^^^^^^^^^^^^^^^^^^^^^^^^
  File "C:\Users\dima_\AppData\Roaming\Python\Python312\site-packages\clickhouse_connect\driver\_backend\orchestration.py", line 222, in run_sync
    operation = sequence.throw(execution_error)
                ^^^^^^^^^^^^^^^^^^^^^^^^^^^^^^^
  File "C:\Users\dima_\AppData\Roaming\Python\Python312\site-packages\clickhouse_connect\driver\_backend\orchestration.py", line 87, in init_sequence
    version_result = yield CommandOp("SELECT version(), timezone()", use_database=False)
                     ^^^^^^^^^^^^^^^^^^^^^^^^^^^^^^^^^^^^^^^^^^^^^^^^^^^^^^^^^^^^^^^^^^^
  File "C:\Users\dima_\AppData\Roaming\Python\Python312\site-packages\clickhouse_connect\driver\_backend\orchestration.py", line 226, in run_sync
    response = execute(operation)
               ^^^^^^^^^^^^^^^^^^
  File "C:\Users\dima_\AppData\Roaming\Python\Python312\site-packages\clickhouse_connect\driver\client.py", line 241, in _execute_operation
    return self.command(operation.text, settings=settings, use_database=operation.use_database)
           ^^^^^^^^^^^^^^^^^^^^^^^^^^^^^^^^^^^^^^^^^^^^^^^^^^^^^^^^^^^^^^^^^^^^^^^^^^^^^^^^^^^^
  File "C:\Users\dima_\AppData\Roaming\Python\Python312\site-packages\clickhouse_connect\driver\_backendclient.py", line 120, in command
    execution = self._backend.execute_command(bound_cmd, bind_params, data, external_data, runtime, transport_settings)
                ^^^^^^^^^^^^^^^^^^^^^^^^^^^^^^^^^^^^^^^^^^^^^^^^^^^^^^^^^^^^^^^^^^^^^^^^^^^^^^^^^^^^^^^^^^^^^^^^^^^^^^^
  File "C:\Users\dima_\AppData\Roaming\Python\Python312\site-packages\clickhouse_connect\driver\_backend\http_sync.py", line 263, in execute_command
    response = self.request(plan.payload, plan.params, plan.headers, plan.method, fields=plan.form_files, server_wait=False)
               ^^^^^^^^^^^^^^^^^^^^^^^^^^^^^^^^^^^^^^^^^^^^^^^^^^^^^^^^^^^^^^^^^^^^^^^^^^^^^^^^^^^^^^^^^^^^^^^^^^^^^^^^^^^^^
  File "C:\Users\dima_\AppData\Roaming\Python\Python312\site-packages\clickhouse_connect\driver\_backend\http_sync.py", line 352, in request
    raise OperationalError(f"Error {ex} executing HTTP request attempt {attempts} ({self.url})") from ex
clickhouse_connect.driver.exceptions.OperationalError: Error HTTPConnectionPool(host='localhost', port=8123): Max retries exceeded with url: /?query_id=2c319d8e-b99b-4946-b7e4-0ac19713cd6b (Caused by NewConnectionError('<urllib3.connection.HTTPConnection object at 0x00000218358A2480>: Failed to establish a new connection: [WinError 10061] Подключение не установлено, т.к. конечный компьютер отверг запрос на подключение')) executing HTTP request attempt 1 (http://localhost:8123)
2026-08-13 12:23:40 | INFO     | services.etl | etl.py:41 | Starting ETL process.
2026-08-13 12:23:41 | INFO     | services.etl | etl.py:45 | Created 1 task(s).
2026-08-13 12:23:41 | INFO     | services.etl | etl.py:52 | Processing task 1 of 1.
2026-08-13 12:23:41 | INFO     | api.logs_api | logs_api.py:236 | Creating Logs API task for counter 111485101 (2026-08-11 - 2026-08-12).
2026-08-13 12:23:41 | INFO     | api.logs_api | logs_api.py:256 | Logs API task created successfully. Request ID: 58578091, Status: created
2026-08-13 12:25:09 | INFO     | api.logs_api | logs_api.py:317 | Request 58578091 processed. Parts: 1
2026-08-13 12:25:09 | INFO     | services.etl | etl.py:82 | Task 58578091 processed. Parts: 1
2026-08-13 12:25:09 | INFO     | services.etl | etl.py:90 | Downloading part 1 of 1.
2026-08-13 12:25:09 | INFO     | api.logs_api | logs_api.py:370 | Downloading part 1 of 1 (request 58578091).
2026-08-13 12:25:10 | INFO     | api.logs_api | logs_api.py:382 | Part 1 downloaded successfully.
2026-08-13 12:25:10 | INFO     | services.clickhouse_writer | clickhouse_writer.py:49 | Loaded 1 rows from TSV.
2026-08-13 12:25:10 | INFO     | services.clickhouse_writer | clickhouse_writer.py:231 | Version values before insert: [1786602310032]
2026-08-13 12:25:10 | INFO     | database.connection | connection.py:36 | Connected to ClickHouse: http://localhost:8123
2026-08-13 12:25:10 | INFO     | services.clickhouse_writer | clickhouse_writer.py:276 | Inserting rows 1-1 of 1.
2026-08-13 12:25:10 | INFO     | database.connection | connection.py:90 | Inserted 1 rows.
2026-08-13 12:25:10 | INFO     | api.logs_api | logs_api.py:414 | Cleaning request 58578091.
2026-08-13 12:25:10 | INFO     | api.logs_api | logs_api.py:424 | Request 58578091 removed.
2026-08-13 12:25:10 | INFO     | services.etl | etl.py:105 | Task 58578091 completed.
2026-08-13 12:25:10 | INFO     | services.etl | etl.py:110 | Task 58578091 completed.
2026-08-13 12:25:10 | INFO     | database.connection | connection.py:36 | Connected to ClickHouse: http://localhost:8123
2026-08-13 12:25:11 | INFO     | services.etl | etl.py:118 | Visit statistics: total_rows=1, unique_visits=1, duplicates=0
2026-08-13 12:25:11 | INFO     | services.etl | etl.py:125 | ETL process completed successfully.
2026-08-13 13:22:33 | INFO     | services.etl | etl.py:41 | Starting ETL process.
2026-08-13 13:23:07 | INFO     | services.etl | etl.py:41 | Starting ETL process.
2026-08-13 13:23:08 | INFO     | services.etl | etl.py:45 | Created 1 task(s).
2026-08-13 13:23:08 | INFO     | services.etl | etl.py:52 | Processing task 1 of 1.
2026-08-13 13:23:08 | INFO     | api.logs_api | logs_api.py:236 | Creating Logs API task for counter 111485101 (2026-08-11 - 2026-08-12).
2026-08-13 13:23:09 | INFO     | api.logs_api | logs_api.py:256 | Logs API task created successfully. Request ID: 58579603, Status: created
2026-08-13 13:25:06 | INFO     | api.logs_api | logs_api.py:317 | Request 58579603 processed. Parts: 1
2026-08-13 13:25:06 | INFO     | services.etl | etl.py:82 | Task 58579603 processed. Parts: 1
2026-08-13 13:25:06 | INFO     | services.etl | etl.py:90 | Downloading part 1 of 1.
2026-08-13 13:25:06 | INFO     | api.logs_api | logs_api.py:370 | Downloading part 1 of 1 (request 58579603).
2026-08-13 13:25:07 | INFO     | api.logs_api | logs_api.py:382 | Part 1 downloaded successfully.
2026-08-13 13:25:07 | INFO     | services.clickhouse_writer | clickhouse_writer.py:49 | Loaded 1 rows from TSV.
2026-08-13 13:25:07 | INFO     | services.clickhouse_writer | clickhouse_writer.py:231 | Version values before insert: [1786605907048]
2026-08-13 13:25:07 | INFO     | database.connection | connection.py:36 | Connected to ClickHouse: http://localhost:8123
2026-08-13 13:25:07 | INFO     | services.clickhouse_writer | clickhouse_writer.py:276 | Inserting rows 1-1 of 1.
2026-08-13 13:25:07 | INFO     | database.connection | connection.py:90 | Inserted 1 rows.
2026-08-13 13:25:07 | INFO     | api.logs_api | logs_api.py:414 | Cleaning request 58579603.
2026-08-13 13:25:07 | INFO     | api.logs_api | logs_api.py:424 | Request 58579603 removed.
2026-08-13 13:25:07 | INFO     | services.etl | etl.py:105 | Task 58579603 completed.
2026-08-13 13:25:07 | INFO     | services.etl | etl.py:110 | Task 58579603 completed.
2026-08-13 13:25:08 | INFO     | database.connection | connection.py:36 | Connected to ClickHouse: http://localhost:8123
2026-08-13 13:25:08 | INFO     | services.etl | etl.py:118 | Visit statistics: total_rows=1, unique_visits=1, duplicates=0
2026-08-13 13:25:08 | INFO     | services.etl | etl.py:125 | ETL process completed successfully.
